{"synthetic": false,
 "schemaVersion": "2025-09-10",
 "outputs":
 {"o": ["4cc70dab2a883bc3.olean"],
  "m": false,
  "i": "359811b4c76f40ca.ilean",
  "c": "89f73f16d1a8f09e.c"},
 "log":
 [{"message":
   ".> LEAN_PATH=/root/kim11-lean/.lake/build/lib/lean /root/.elan/toolchains/leanprover--lean4---v4.32.1/bin/lean /root/kim11-lean/Kim11/Basic.lean -o /root/kim11-lean/.lake/build/lib/lean/Kim11/Basic.olean -i /root/kim11-lean/.lake/build/lib/lean/Kim11/Basic.ilean -c /root/kim11-lean/.lake/build/ir/Kim11/Basic.c --setup /root/kim11-lean/.lake/build/ir/Kim11/Basic.setup.json --json",
   "level": "trace"},
  {"message":
   "Kim11/Basic.lean:6:5: Variable name `x` is not explicitly referenced.\n\nThe binding can be removed (if unused) or named `_` (if used implicitly).\n\nNote: This linter can be disabled with `set_option linter.unusedVariables false`",
   "level": "warning"},
  {"message":
   "Kim11/Basic.lean:67:22: Variable name `s` is not explicitly referenced.\n\nThe binding can be removed (if unused) or named `_` (if used implicitly).\n\nNote: This linter can be disabled with `set_option linter.unusedVariables false`",
   "level": "warning"},
  {"message":
   "Kim11/Basic.lean:96:10: This simp argument is unused:\n  h0\n\nHint: Omit it from the simp argument list.\n  simp [h0̵,̵ ̵h̵1]\n\nNote: This linter can be disabled with `set_option linter.unusedSimpArgs false`",
   "level": "warning"},
  {"message":
   "Kim11/Basic.lean:96:14: This simp argument is unused:\n  h1\n\nHint: Omit it from the simp argument list.\n  simp [h0,̵ ̵h̵1̵]\n\nNote: This linter can be disabled with `set_option linter.unusedSimpArgs false`",
   "level": "warning"},
  {"message":
   "Kim11/Basic.lean:100:10: This simp argument is unused:\n  h0\n\nHint: Omit it from the simp argument list.\n  simp [h0̵,̵ ̵h̵1]\n\nNote: This linter can be disabled with `set_option linter.unusedSimpArgs false`",
   "level": "warning"},
  {"message":
   "Kim11/Basic.lean:100:14: This simp argument is unused:\n  h1\n\nHint: Omit it from the simp argument list.\n  simp [h0,̵ ̵h̵1̵]\n\nNote: This linter can be disabled with `set_option linter.unusedSimpArgs false`",
   "level": "warning"},
  {"message": "Kim11/Basic.lean:118:8: declaration uses `sorry`",
   "level": "warning"},
  {"message": "Kim11/Basic.lean:128:8: declaration uses `sorry`",
   "level": "warning"}],
 "inputs":
 [["Kim11.Basic:deps",
   [["deps",
     [["kim11/Kim11:extraDep", [["@kim11:extraDep", "00000000000006bb"]]],
      ["imports", "00000000000006bb"]]],
    ["libs",
     [["import dynlibs", "00000000000006bb"],
      ["package external libraries", "00000000000006bb"],
      ["module dynlibs", "00000000000006bb"],
      ["module plugins", "00000000000006bb"]]]]],
  ["Lean 4.32.1, commit f054605aea4b840552cca2e725580bffd1e1b704",
   "4ce1780d8d26fd00"],
  ["/root/kim11-lean/Kim11/Basic.lean", "cd3b20076c82d0fb"],
  ["options", "00000000000006bb"],
  ["isModule: false", "feefd2a0d3a1847e"],
  ["Module.name: Kim11.Basic", "4fe249e971735181"],
  ["Package.id?: (some kim11)", "8317ab34a5f08fc0"],
  ["Module.leanArgs: #[]", "00000000000006bb"]],
 "depHash": "909519b85bf139dc"}